Copyright 1986-2014 Xilinx, Inc. All Rights Reserved.
----------------------------------------------------------------------------------------------------------------------------------------
| Tool Version : Vivado v.2014.4_AR65813_AR64601_AR63880_AR63479_AR62969_(AR63524_AR64594) (win64) Build 0 Tue May 19 17:22:27 MDT 2015
| Date         : Mon Jul 27 19:05:51 2026
| Host         :  running 64-bit major release  (build 9200)
| Command      : report_control_sets -verbose -file udp_echo_top_control_sets_placed.rpt
| Design       : udp_echo_top
| Device       : xc7k325t
----------------------------------------------------------------------------------------------------------------------------------------

Control Set Information

Table of Contents
-----------------
1. Summary
2. Flip-Flop Distribution
3. Detailed Control Set Information

1. Summary
----------

+-------------------------------------------------------------------+-------+
|                               Status                              | Count |
+-------------------------------------------------------------------+-------+
| Number of unique control sets                                     |    19 |
| Minimum Number of register sites lost to control set restrictions |    62 |
+-------------------------------------------------------------------+-------+


2. Flip-Flop Distribution
-------------------------

+--------------+-----------------------+------------------------+-----------------+--------------+
| Clock Enable | Synchronous Set/Reset | Asynchronous Set/Reset | Total Registers | Total Slices |
+--------------+-----------------------+------------------------+-----------------+--------------+
| No           | No                    | No                     |               0 |            0 |
| No           | No                    | Yes                    |               6 |            4 |
| No           | Yes                   | No                     |               0 |            0 |
| Yes          | No                    | No                     |             104 |           46 |
| Yes          | No                    | Yes                    |              83 |           39 |
| Yes          | Yes                   | No                     |              33 |            8 |
+--------------+-----------------------+------------------------+-----------------+--------------+


3. Detailed Control Set Information
-----------------------------------

+--------------------------+--------------------------------------+---------------------------------+------------------+----------------+
|       Clock Signal       |             Enable Signal            |         Set/Reset Signal        | Slice Load Count | Bel Load Count |
+--------------------------+--------------------------------------+---------------------------------+------------------+----------------+
|  u_clk_wiz/inst/clk_out1 |                                      | n_0_u_clk_wiz_i_1               |                1 |              1 |
|  e_rxc_bufg              |                                      | u_rx/O1                         |                1 |              1 |
|  e_rxc_bufg              | u_rx/n_0_FSM_sequential_state[3]_i_1 | u_rx/O1                         |                3 |              3 |
|  u_clk_wiz/inst/clk_out2 |                                      | u_rx/O1                         |                2 |              4 |
|  u_clk_wiz/inst/clk_out2 | u_tx/byte_cnt0                       | u_tx/n_0_byte_cnt[4]_i_1__0     |                1 |              4 |
|  u_clk_wiz/inst/clk_out2 | u_tx/byte_cnt0                       | u_tx/n_0_byte_cnt[10]_i_1__0    |                2 |              7 |
|  u_clk_wiz/inst/clk_out2 | u_tx/n_0_gmii_txen_i_1               | u_rx/O1                         |                7 |              8 |
|  e_rxc_bufg              | u_rx/ip_proto0                       |                                 |                2 |              8 |
|  u_clk_wiz/inst/clk_out2 | u_tx/n_0_rd_addr[10]_i_1             | u_rx/O1                         |                4 |             11 |
|  u_clk_wiz/inst/clk_out2 | u_tx/payload_cnt0                    | u_tx/n_0_payload_cnt[10]_i_1__0 |                2 |             11 |
|  e_rxc_bufg              | u_rx/n_0_byte_cnt[10]_i_1            | u_rx/O1                         |                6 |             11 |
|  e_rxc_bufg              | u_rx/n_0_rx_len[10]_i_1              | u_rx/O1                         |                6 |             11 |
|  e_rxc_bufg              | u_rx/payload_cnt0                    | u_rx/n_0_payload_cnt[10]_i_1    |                3 |             11 |
|  e_rxc_bufg              | u_rx/n_0_dest_port[15]_i_1           |                                 |                5 |             16 |
|  e_rxc_bufg              | u_rx/udp_len0                        |                                 |                6 |             16 |
|  e_rxc_bufg              | u_rx/n_0_rx_data[7]_i_1              | u_rx/O1                         |                8 |             19 |
|  u_clk_wiz/inst/clk_out1 | n_0_phy_rst_cnt[0]_i_1               | n_0_u_clk_wiz_i_1               |                5 |             20 |
|  u_clk_wiz/inst/clk_out2 | u_tx/crc0                            |                                 |               25 |             32 |
|  e_rxc_bufg              | u_rx/n_0_dest_ip[31]_i_1             |                                 |                8 |             32 |
+--------------------------+--------------------------------------+---------------------------------+------------------+----------------+


