Copyright 1986-2014 Xilinx, Inc. All Rights Reserved.
--------------------------------------------------------------------------------------------------------------------------------------------
| Tool Version     : Vivado v.2014.4_AR65813_AR64601_AR63880_AR63479_AR62969_(AR63524_AR64594) (win64) Build 0 Tue May 19 17:22:27 MDT 2015
| Date             : Mon Jul 27 19:07:25 2026
| Host             : DESKTOP-1F6RSOD running 64-bit major release  (build 9200)
| Command          : report_power -file udp_echo_top_power_routed.rpt -pb udp_echo_top_power_summary_routed.pb
| Design           : udp_echo_top
| Device           : xc7k325tffg900-2
| Design State     : Routed
| Grade            : commercial
| Process          : typical
| Characterization : Production
--------------------------------------------------------------------------------------------------------------------------------------------

Power Report

Table of Contents
-----------------
1. Summary
1.1 On-Chip Components
1.2 Power Supply Summary
1.3 Confidence Level
2. Settings
2.1 Environment
2.2 Clock Constraints
3. Detailed Reports
3.1 By Hierarchy

1. Summary
----------

+--------------------------+-------+
| Total On-Chip Power (W)  | 0.298 |
| Dynamic (W)              | 0.133 |
| Device Static (W)        | 0.164 |
| Effective TJA (C/W)      | 1.8   |
| Max Ambient (C)          | 84.5  |
| Junction Temperature (C) | 25.5  |
| Confidence Level         | Low   |
| Setting File             | ---   |
| Simulation Activity File | ---   |
| Design Nets Matched      | NA    |
+--------------------------+-------+


1.1 On-Chip Components
----------------------

+----------------+-----------+----------+-----------+-----------------+
| On-Chip        | Power (W) | Used     | Available | Utilization (%) |
+----------------+-----------+----------+-----------+-----------------+
| Clocks         |     0.006 |        7 |       --- |             --- |
| Slice Logic    |    <0.001 |      753 |       --- |             --- |
|   LUT as Logic |    <0.001 |      419 |    203800 |            0.20 |
|   CARRY4       |    <0.001 |       14 |     50950 |            0.02 |
|   F7/F8 Muxes  |    <0.001 |       13 |    203800 |           <0.01 |
|   Register     |    <0.001 |      226 |    407600 |            0.05 |
|   Others       |     0.000 |       10 |       --- |             --- |
| Signals        |    <0.001 |      592 |       --- |             --- |
| Block RAM      |     0.001 |      0.5 |       445 |            0.11 |
| MMCM           |     0.107 |        1 |        10 |           10.00 |
| I/O            |     0.019 |       24 |       500 |            4.80 |
| Static Power   |     0.164 |          |           |                 |
| Total          |     0.298 |          |           |                 |
+----------------+-----------+----------+-----------+-----------------+


1.2 Power Supply Summary
------------------------

+-----------+-------------+-----------+-------------+------------+
| Source    | Voltage (V) | Total (A) | Dynamic (A) | Static (A) |
+-----------+-------------+-----------+-------------+------------+
| Vccint    |       1.000 |     0.078 |       0.009 |      0.069 |
| Vccaux    |       1.800 |     0.090 |       0.061 |      0.028 |
| Vcco33    |       3.300 |     0.005 |       0.004 |      0.001 |
| Vcco25    |       2.500 |     0.001 |       0.000 |      0.001 |
| Vcco18    |       1.800 |     0.000 |       0.000 |      0.000 |
| Vcco15    |       1.500 |     0.001 |       0.000 |      0.001 |
| Vcco135   |       1.350 |     0.000 |       0.000 |      0.000 |
| Vcco12    |       1.200 |     0.000 |       0.000 |      0.000 |
| Vccaux_io |       1.800 |     0.000 |       0.000 |      0.000 |
| Vccbram   |       1.000 |     0.001 |       0.000 |      0.001 |
| MGTAVcc   |       1.000 |     0.000 |       0.000 |      0.000 |
| MGTAVtt   |       1.200 |     0.000 |       0.000 |      0.000 |
| MGTVccaux |       1.800 |     0.000 |       0.000 |      0.000 |
| Vccadc    |       1.800 |     0.020 |       0.000 |      0.020 |
+-----------+-------------+-----------+-------------+------------+


1.3 Confidence Level
--------------------

+-----------------------------+------------+--------------------------------------------------------+------------------------------------------------------------------------------------------------------------+
| User Input Data             | Confidence | Details                                                | Action                                                                                                     |
+-----------------------------+------------+--------------------------------------------------------+------------------------------------------------------------------------------------------------------------+
| Design implementation state | High       | Design is routed                                       |                                                                                                            |
| Clock nodes activity        | High       | User specified more than 95% of clocks                 |                                                                                                            |
| I/O nodes activity          | Low        | More than 75% of inputs are missing user specification | Provide missing input activity with simulation results or by editing the "By Resource Type -> I/Os" view   |
| Internal nodes activity     | Medium     | User specified less than 25% of internal nodes         | Provide missing internal nodes activity with simulation results or by editing the "By Resource Type" views |
| Device models               | High       | Device models are Production                           |                                                                                                            |
|                             |            |                                                        |                                                                                                            |
| Overall confidence level    | Low        |                                                        |                                                                                                            |
+-----------------------------+------------+--------------------------------------------------------+------------------------------------------------------------------------------------------------------------+


2. Settings
-----------

2.1 Environment
---------------

+-----------------------+--------------------------+
| Ambient Temp (C)      | 25.0                     |
| ThetaJA (C/W)         | 1.8                      |
| Airflow (LFM)         | 250                      |
| Heat Sink             | medium (Medium Profile)  |
| ThetaSA (C/W)         | 3.3                      |
| Board Selection       | medium (10"x10")         |
| # of Board Layers     | 12to15 (12 to 15 Layers) |
| Board Temperature (C) | 25.0                     |
+-----------------------+--------------------------+


2.2 Clock Constraints
---------------------

+--------------------+-----------------------------------+-----------------+
| Clock              | Domain                            | Constraint (ns) |
+--------------------+-----------------------------------+-----------------+
| E_RXC              | E_RXC                             |             8.0 |
| clk_out1_clk_wiz_0 | u_clk_wiz/inst/clk_out1_clk_wiz_0 |            20.0 |
| clk_out2_clk_wiz_0 | u_clk_wiz/inst/clk_out2_clk_wiz_0 |             8.0 |
| clkfbout_clk_wiz_0 | u_clk_wiz/inst/clkfbout_clk_wiz_0 |             5.0 |
| sys_clk_p          | sys_clk_p                         |             5.0 |
+--------------------+-----------------------------------+-----------------+


3. Detailed Reports
-------------------

3.1 By Hierarchy
----------------

+--------------+-----------+
| Name         | Power (W) |
+--------------+-----------+
| udp_echo_top |     0.133 |
|   u_clk_wiz  |     0.113 |
|     inst     |     0.113 |
|   u_rx       |     0.001 |
|   u_tx       |     0.002 |
+--------------+-----------+


