Copyright 1986-2014 Xilinx, Inc. All Rights Reserved.
----------------------------------------------------------------------------------------------------------------------------------------
| Tool Version : Vivado v.2014.4_AR65813_AR64601_AR63880_AR63479_AR62969_(AR63524_AR64594) (win64) Build 0 Tue May 19 17:22:27 MDT 2015
| Date         : Tue Jul 21 12:33:01 2026
| Host         :  running 64-bit major release  (build 9200)
| Command      : report_control_sets -verbose -file top_ethernet_control_sets_placed.rpt
| Design       : top_ethernet
| Device       : xc7k325t
----------------------------------------------------------------------------------------------------------------------------------------

Control Set Information

Table of Contents
-----------------
1. Summary
2. Flip-Flop Distribution
3. Detailed Control Set Information

1. Summary
----------

+-------------------------------------------------------------------+-------+
|                               Status                              | Count |
+-------------------------------------------------------------------+-------+
| Number of unique control sets                                     |     7 |
| Minimum Number of register sites lost to control set restrictions |    16 |
+-------------------------------------------------------------------+-------+


2. Flip-Flop Distribution
-------------------------

+--------------+-----------------------+------------------------+-----------------+--------------+
| Clock Enable | Synchronous Set/Reset | Asynchronous Set/Reset | Total Registers | Total Slices |
+--------------+-----------------------+------------------------+-----------------+--------------+
| No           | No                    | No                     |               0 |            0 |
| No           | No                    | Yes                    |              11 |            7 |
| No           | Yes                   | No                     |               7 |            2 |
| Yes          | No                    | No                     |              19 |            9 |
| Yes          | No                    | Yes                    |              67 |           22 |
| Yes          | Yes                   | No                     |               0 |            0 |
+--------------+-----------------------+------------------------+-----------------+--------------+


3. Detailed Control Set Information
-----------------------------------

+---------------+---------------------------------+----------------------------+------------------+----------------+
|  Clock Signal |          Enable Signal          |      Set/Reset Signal      | Slice Load Count | Bel Load Count |
+---------------+---------------------------------+----------------------------+------------------+----------------+
|  sys_clk_BUFG |                                 | u_udp_send/SR[0]           |                2 |              7 |
|  sys_clk_BUFG | u_udp_send/tx_data0             |                            |                5 |              8 |
|  sys_clk_BUFG |                                 | u_phy_init/O1              |                7 |             11 |
|  sys_clk_BUFG | u_udp_send/n_0_byte_cnt[10]_i_1 | u_phy_init/O1              |                5 |             11 |
|  sys_clk_BUFG | u_udp_send/ram_addr0            |                            |                4 |             11 |
|  sys_clk_BUFG | u_phy_init/n_0_timer[23]_i_1    | u_phy_init/O1              |                4 |             24 |
|  sys_clk_BUFG | u_udp_send/n_0_crc_en_reg       | u_udp_send/n_0_crc_rst_reg |               13 |             32 |
+---------------+---------------------------------+----------------------------+------------------+----------------+


