Copyright 1986-2014 Xilinx, Inc. All Rights Reserved.
----------------------------------------------------------------------------------------------------------------------------------------
| Tool Version : Vivado v.2014.4_AR65813_AR64601_AR63880_AR63479_AR62969_(AR63524_AR64594) (win64) Build 0 Tue May 19 17:22:27 MDT 2015
| Date         : Thu Jul 23 19:26:37 2026
| Host         :  running 64-bit major release  (build 9200)
| Command      : report_utilization -file uart_top_utilization_placed.rpt -pb uart_top_utilization_placed.pb
| Design       : uart_top
| Device       : xc7k325t
| Design State : Fully Placed
----------------------------------------------------------------------------------------------------------------------------------------

Utilization Design Information

Table of Contents
-----------------
1. Slice Logic
1.1 Summary of Registers by Type
2. Slice Logic Distribution
3. Memory
4. DSP
5. IO and GT Specific
6. Clocking
7. Specific Feature
8. Primitives
9. Black Boxes
10. Instantiated Netlists

1. Slice Logic
--------------

+----------------------------+------+-------+-----------+-------+
|          Site Type         | Used | Fixed | Available | Util% |
+----------------------------+------+-------+-----------+-------+
| Slice LUTs                 |  661 |     0 |    203800 |  0.32 |
|   LUT as Logic             |  637 |     0 |    203800 |  0.31 |
|   LUT as Memory            |   24 |     0 |     64000 |  0.03 |
|     LUT as Distributed RAM |   24 |     0 |           |       |
|     LUT as Shift Register  |    0 |     0 |           |       |
| Slice Registers            | 1311 |     0 |    407600 |  0.32 |
|   Register as Flip Flop    | 1311 |     0 |    407600 |  0.32 |
|   Register as Latch        |    0 |     0 |    407600 |  0.00 |
| F7 Muxes                   |   27 |     0 |    101900 |  0.02 |
| F8 Muxes                   |   12 |     0 |     50950 |  0.02 |
+----------------------------+------+-------+-----------+-------+


1.1 Summary of Registers by Type
--------------------------------

+-------+--------------+-------------+--------------+
| Total | Clock Enable | Synchronous | Asynchronous |
+-------+--------------+-------------+--------------+
| 0     |            _ |           - |            - |
| 0     |            _ |           - |          Set |
| 0     |            _ |           - |        Reset |
| 0     |            _ |         Set |            - |
| 0     |            _ |       Reset |            - |
| 0     |          Yes |           - |            - |
| 63    |          Yes |           - |          Set |
| 583   |          Yes |           - |        Reset |
| 34    |          Yes |         Set |            - |
| 631   |          Yes |       Reset |            - |
+-------+--------------+-------------+--------------+


2. Slice Logic Distribution
---------------------------

+-------------------------------------------------------------+-----------+-------+-----------+-------+
|                          Site Type                          |    Used   | Fixed | Available | Util% |
+-------------------------------------------------------------+-----------+-------+-----------+-------+
| Slice                                                       |       365 |     0 |     50950 |  0.71 |
|   SLICEL                                                    |       249 |     0 |           |       |
|   SLICEM                                                    |       116 |     0 |           |       |
| LUT as Logic                                                |       637 |     0 |    203800 |  0.31 |
|   using O5 output only                                      |         0 |       |           |       |
|   using O6 output only                                      |       491 |       |           |       |
|   using O5 and O6                                           |       146 |       |           |       |
| LUT as Memory                                               |        24 |     0 |     64000 |  0.03 |
|   LUT as Distributed RAM                                    |        24 |     0 |           |       |
|     using O5 output only                                    |         0 |       |           |       |
|     using O6 output only                                    |         0 |       |           |       |
|     using O5 and O6                                         |        24 |       |           |       |
|   LUT as Shift Register                                     |         0 |     0 |           |       |
| LUT Flip Flop Pairs                                         |      1115 |     0 |    203800 |  0.54 |
|   fully used LUT-FF pairs                                   |       456 |       |           |       |
|   LUT-FF pairs with unused LUT                              |       454 |       |           |       |
|   LUT-FF pairs with unused Flip Flop                        |       205 |       |           |       |
| Unique Control Sets                                         |       104 |       |           |       |
| Minimum number of registers lost to control set restriction | 377(Lost) |       |           |       |
+-------------------------------------------------------------+-----------+-------+-----------+-------+


3. Memory
---------

+-------------------+------+-------+-----------+-------+
|     Site Type     | Used | Fixed | Available | Util% |
+-------------------+------+-------+-----------+-------+
| Block RAM Tile    |    1 |     0 |       445 |  0.22 |
|   RAMB36/FIFO*    |    0 |     0 |       445 |  0.00 |
|   RAMB18          |    2 |     0 |       890 |  0.22 |
|     RAMB18E1 only |    2 |       |           |       |
+-------------------+------+-------+-----------+-------+
* Note: Each Block RAM Tile only has one FIFO logic available and therefore can accommodate only one FIFO36E1 or one FIFO18E1. However, if a FIFO18E1 occupies a Block RAM Tile, that tile can still accommodate a RAMB18E1


4. DSP
------

+-----------+------+-------+-----------+-------+
| Site Type | Used | Fixed | Available | Util% |
+-----------+------+-------+-----------+-------+
| DSPs      |    0 |     0 |       840 |  0.00 |
+-----------+------+-------+-----------+-------+


5. IO and GT Specific
---------------------

+-----------------------------+------+-------+-----------+-------+
|          Site Type          | Used | Fixed | Available | Util% |
+-----------------------------+------+-------+-----------+-------+
| Bonded IOB                  |    5 |     5 |       500 |  1.00 |
|   IOB Master Pads           |    3 |       |           |       |
|   IOB Slave Pads            |    2 |       |           |       |
| Bonded IPADs                |    0 |     0 |        50 |  0.00 |
| Bonded OPADs                |    0 |     0 |        32 |  0.00 |
| PHY_CONTROL                 |    0 |     0 |        10 |  0.00 |
| PHASER_REF                  |    0 |     0 |        10 |  0.00 |
| OUT_FIFO                    |    0 |     0 |        40 |  0.00 |
| IN_FIFO                     |    0 |     0 |        40 |  0.00 |
| IDELAYCTRL                  |    0 |     0 |        10 |  0.00 |
| IBUFGDS                     |    0 |     0 |       480 |  0.00 |
| GTXE2_COMMON                |    0 |     0 |         4 |  0.00 |
| GTXE2_CHANNEL               |    0 |     0 |        16 |  0.00 |
| PHASER_OUT/PHASER_OUT_PHY   |    0 |     0 |        40 |  0.00 |
| PHASER_IN/PHASER_IN_PHY     |    0 |     0 |        40 |  0.00 |
| IDELAYE2/IDELAYE2_FINEDELAY |    0 |     0 |       500 |  0.00 |
| ODELAYE2/ODELAYE2_FINEDELAY |    0 |     0 |       150 |  0.00 |
| IBUFDS_GTE2                 |    0 |     0 |         8 |  0.00 |
| ILOGIC                      |    0 |     0 |       500 |  0.00 |
| OLOGIC                      |    0 |     0 |       500 |  0.00 |
+-----------------------------+------+-------+-----------+-------+


6. Clocking
-----------

+------------+------+-------+-----------+-------+
|  Site Type | Used | Fixed | Available | Util% |
+------------+------+-------+-----------+-------+
| BUFGCTRL   |    6 |     0 |        32 | 18.75 |
| BUFIO      |    0 |     0 |        40 |  0.00 |
| MMCME2_ADV |    1 |     0 |        10 | 10.00 |
| PLLE2_ADV  |    0 |     0 |        10 |  0.00 |
| BUFMRCE    |    0 |     0 |        20 |  0.00 |
| BUFHCE     |    0 |     0 |       168 |  0.00 |
| BUFR       |    0 |     0 |        40 |  0.00 |
+------------+------+-------+-----------+-------+


7. Specific Feature
-------------------

+-------------+------+-------+-----------+-------+
|  Site Type  | Used | Fixed | Available | Util% |
+-------------+------+-------+-----------+-------+
| BSCANE2     |    1 |     0 |         4 | 25.00 |
| CAPTUREE2   |    0 |     0 |         1 |  0.00 |
| DNA_PORT    |    0 |     0 |         1 |  0.00 |
| EFUSE_USR   |    0 |     0 |         1 |  0.00 |
| FRAME_ECCE2 |    0 |     0 |         1 |  0.00 |
| ICAPE2      |    0 |     0 |         2 |  0.00 |
| PCIE_2_1    |    0 |     0 |         1 |  0.00 |
| STARTUPE2   |    0 |     0 |         1 |  0.00 |
| XADC        |    0 |     0 |         1 |  0.00 |
+-------------+------+-------+-----------+-------+


8. Primitives
-------------

+------------+------+---------------------+
|  Ref Name  | Used | Functional Category |
+------------+------+---------------------+
| FDRE       |  631 |        Flop & Latch |
| FDCE       |  583 |        Flop & Latch |
| LUT3       |  201 |                 LUT |
| LUT6       |  180 |                 LUT |
| LUT2       |  147 |                 LUT |
| LUT4       |  141 |                 LUT |
| LUT5       |   88 |                 LUT |
| FDPE       |   63 |        Flop & Latch |
| RAMD32     |   36 |  Distributed Memory |
| FDSE       |   34 |        Flop & Latch |
| CARRY4     |   32 |          CarryLogic |
| MUXF7      |   27 |               MuxFx |
| LUT1       |   26 |                 LUT |
| RAMS32     |   12 |  Distributed Memory |
| MUXF8      |   12 |               MuxFx |
| BUFG       |    6 |               Clock |
| RAMB18E1   |    2 |        Block Memory |
| IBUF       |    2 |                  IO |
| OBUF       |    1 |                  IO |
| MMCME2_ADV |    1 |               Clock |
| IBUFDS     |    1 |                  IO |
| BSCANE2    |    1 |              Others |
+------------+------+---------------------+


9. Black Boxes
--------------

+----------+------+
| Ref Name | Used |
+----------+------+


10. Instantiated Netlists
-------------------------

+-------------------+------+
|      Ref Name     | Used |
+-------------------+------+
| fifo_async_8x1024 |    2 |
| vio_0             |    1 |
| dbg_hub_CV        |    1 |
| clk_wiz_0         |    1 |
+-------------------+------+


